app/(tabs)/analytics.tsx(132,64): error TS2322: Type '({ flexDirection: "row"; alignItems: "center"; padding: number; } | { marginTop: number; })[]' is not assignable to type 'ViewStyle'.
  Types of property 'filter' are incompatible.
    Type '{ <S extends { flexDirection: "row"; alignItems: "center"; padding: number; } | { marginTop: number; }>(predicate: (value: { flexDirection: "row"; alignItems: "center"; padding: number; } | { marginTop: number; }, index: number, array: ({ ...; } | { ...; })[]) => value is S, thisArg?: any): S[]; (predicate: (value: ...' is not assignable to type 'string | readonly FilterFunction[] | undefined'.
app/(tabs)/explore.tsx(10,10): error TS2305: Module '"../../constants/theme"' has no exported member 'Fonts'.
components/ui/collapsible.tsx(7,10): error TS2305: Module '"@/constants/theme"' has no exported member 'Colors'.
hooks/use-theme-color.ts(6,10): error TS2305: Module '"@/constants/theme"' has no exported member 'Colors'.
screens/AddCustomerScreen.tsx(152,15): error TS2322: Type '{ placeholder: string; keyboardType: "phone-pad"; maxLength: number; value: string; onChangeText: (text: string) => void; }' is not assignable to type 'IntrinsicAttributes & NeumorphicInputProps'.
  Property 'maxLength' does not exist on type 'IntrinsicAttributes & NeumorphicInputProps'.
screens/AddCustomerScreen.tsx(164,15): error TS2322: Type '{ placeholder: string; multiline: true; numberOfLines: number; value: string; onChangeText: (text: string) => void; style: { minHeight: number; }; }' is not assignable to type 'IntrinsicAttributes & NeumorphicInputProps'.
  Property 'multiline' does not exist on type 'IntrinsicAttributes & NeumorphicInputProps'.
screens/AddCustomerScreen.tsx(176,15): error TS2322: Type '"email-address"' is not assignable to type '"default" | "number-pad" | "phone-pad" | undefined'.
screens/AddCustomerScreen.tsx(197,13): error TS2322: Type '{ title: string; onPress: () => Promise<void>; loading: boolean; variant: "primary"; }' is not assignable to type 'IntrinsicAttributes & NeumorphicButtonProps'.
  Property 'loading' does not exist on type 'IntrinsicAttributes & NeumorphicButtonProps'.
screens/CustomerDetailScreen.tsx(60,51): error TS2339: Property 'warning' does not exist on type '{ background: string; lightShadow: string; darkShadow: string; primary: string; secondary: string; success: string; danger: string; textMain: string; textMuted: string; textOnPrimary: string; shadows: { ...; }; }'.
screens/DashboardScreen.tsx(121,31): error TS2322: Type '{ flex: number; }[]' is not assignable to type 'ViewStyle'.
  Types of property 'filter' are incompatible.
    Type '{ <S extends { flex: number; }>(predicate: (value: { flex: number; }, index: number, array: { flex: number; }[]) => value is S, thisArg?: any): S[]; (predicate: (value: { flex: number; }, index: number, array: { flex: number; }[]) => unknown, thisArg?: any): { ...; }[]; }' is not assignable to type 'string | readonly FilterFunction[] | undefined'.
screens/LoginScreen.tsx(46,7): error TS2322: Type 'number' is not assignable to type 'Timeout'.
screens/TransactionScreen.tsx(241,15): error TS2322: Type '{ placeholder: string; multiline: true; numberOfLines: number; value: string; onChangeText: Dispatch<SetStateAction<string>>; style: { minHeight: number; }; }' is not assignable to type 'IntrinsicAttributes & NeumorphicInputProps'.
  Property 'multiline' does not exist on type 'IntrinsicAttributes & NeumorphicInputProps'.
screens/TransactionScreen.tsx(280,13): error TS2322: Type '{ title: string; onPress: () => Promise<void>; disabled: boolean; loading: boolean; variant: "primary"; }' is not assignable to type 'IntrinsicAttributes & NeumorphicButtonProps'.
  Property 'loading' does not exist on type 'IntrinsicAttributes & NeumorphicButtonProps'.
screens/TransactionScreen.tsx(329,17): error TS2322: Type '({ flexDirection: "row"; alignItems: "center"; padding: number; } | { marginTop: number; })[]' is not assignable to type 'ViewStyle'.
  Types of property 'filter' are incompatible.
    Type '{ <S extends { flexDirection: "row"; alignItems: "center"; padding: number; } | { marginTop: number; }>(predicate: (value: { flexDirection: "row"; alignItems: "center"; padding: number; } | { marginTop: number; }, index: number, array: ({ ...; } | { ...; })[]) => value is S, thisArg?: any): S[]; (predicate: (value: ...' is not assignable to type 'string | readonly FilterFunction[] | undefined'.
services/firestore.ts(25,47): error TS2304: Cannot find name 'User'.
services/firestore.ts(39,42): error TS2304: Cannot find name 'User'.
services/firestore.ts(59,14): error TS2304: Cannot find name 'User'.
services/firestore.ts(68,49): error TS2304: Cannot find name 'User'.
services/firestore.ts(69,53): error TS2304: Cannot find name 'User'.
services/firestore.ts(78,14): error TS2304: Cannot find name 'User'.
services/firestore.ts(85,50): error TS2304: Cannot find name 'User'.
services/firestore.ts(102,31): error TS2304: Cannot find name 'Shop'.
services/firestore.ts(117,42): error TS2304: Cannot find name 'Shop'.
services/firestore.ts(135,14): error TS2304: Cannot find name 'Shop'.
services/firestore.ts(144,50): error TS2304: Cannot find name 'Shop'.
services/firestore.ts(161,35): error TS2304: Cannot find name 'Customer'.
services/firestore.ts(176,50): error TS2304: Cannot find name 'Customer'.
services/firestore.ts(187,14): error TS2304: Cannot find name 'Customer'.
services/firestore.ts(196,53): error TS2304: Cannot find name 'Customer'.
services/firestore.ts(211,14): error TS2304: Cannot find name 'Customer'.
services/firestore.ts(218,65): error TS2304: Cannot find name 'Customer'.
services/firestore.ts(236,14): error TS2304: Cannot find name 'Customer'.
services/firestore.ts(243,58): error TS2304: Cannot find name 'Customer'.
services/firestore.ts(275,16): error TS2304: Cannot find name 'Transaction'.
services/firestore.ts(294,49): error TS2304: Cannot find name 'Customer'.
services/firestore.ts(315,64): error TS2304: Cannot find name 'Transaction'.
services/firestore.ts(329,14): error TS2304: Cannot find name 'Transaction'.
services/firestore.ts(339,14): error TS2304: Cannot find name 'Transaction'.
services/firestore.ts(354,14): error TS2304: Cannot find name 'Transaction'.
services/firestore.ts(361,56): error TS2304: Cannot find name 'LedgerEntry'.
services/firestore.ts(371,21): error TS2304: Cannot find name 'LedgerEntry'.
services/firestore.ts(396,64): error TS2304: Cannot find name 'Transaction'.
services/firestore.ts(423,59): error TS2304: Cannot find name 'Customer'.
services/firestore.ts(442,14): error TS2304: Cannot find name 'Customer'.
services/firestore.ts(450,30): error TS2304: Cannot find name 'Transaction'.
services/firestore.ts(469,14): error TS2304: Cannot find name 'Transaction'.
services/multishop.ts(27,32): error TS2339: Property 'collection' does not exist on type 'Firestore'.
services/multishop.ts(39,10): error TS2339: Property 'collection' does not exist on type 'Firestore'.
services/multishop.ts(59,32): error TS2339: Property 'collection' does not exist on type 'Firestore'.
services/multishop.ts(69,34): error TS2339: Property 'collection' does not exist on type 'Firestore'.
services/multishop.ts(90,32): error TS2339: Property 'collection' does not exist on type 'Firestore'.
services/multishop.ts(110,10): error TS2339: Property 'collection' does not exist on type 'Firestore'.
services/multishop.ts(128,16): error TS2339: Property 'collection' does not exist on type 'Firestore'.
services/multishop.ts(143,32): error TS2339: Property 'collection' does not exist on type 'Firestore'.
services/multishop.ts(163,10): error TS2339: Property 'collection' does not exist on type 'Firestore'.
services/multishop.ts(172,10): error TS2339: Property 'collection' does not exist on type 'Firestore'.
services/multishop.ts(191,10): error TS2339: Property 'collection' does not exist on type 'Firestore'.
services/multishop.ts(200,10): error TS2339: Property 'collection' does not exist on type 'Firestore'.
services/multishop.ts(220,17): error TS2339: Property 'ownerUid' does not exist on type 'Shop'.
services/multishop.ts(228,16): error TS2339: Property 'collection' does not exist on type 'Firestore'.
services/multishop.ts(232,10): error TS2339: Property 'collection' does not exist on type 'Firestore'.
services/multishop.ts(251,26): error TS2339: Property 'staff' does not exist on type 'Shop'.
services/multishop.ts(251,40): error TS2339: Property 'staff' does not exist on type 'Shop'.
services/multishop.ts(256,34): error TS2339: Property 'staff' does not exist on type 'Shop'.
services/multishop.ts(257,34): error TS2339: Property 'collection' does not exist on type 'Firestore'.
services/multishop.ts(280,10): error TS2339: Property 'collection' does not exist on type 'Firestore'.
services/multishop.ts(290,10): error TS2339: Property 'collection' does not exist on type 'Firestore'.
services/multishop.ts(298,39): error TS7006: Parameter 'doc' implicitly has an 'any' type.
services/multishop.ts(325,38): error TS2339: Property 'collection' does not exist on type 'Firestore'.
services/multishop.ts(350,10): error TS2339: Property 'collection' does not exist on type 'Firestore'.
services/multishop.ts(364,16): error TS2339: Property 'collection' does not exist on type 'Firestore'.
services/multishop.ts(382,29): error TS2686: 'React' refers to a UMD global, but the current file is a module. Consider adding an import instead.
services/multishop.ts(383,41): error TS2686: 'React' refers to a UMD global, but the current file is a module. Consider adding an import instead.
services/multishop.ts(384,33): error TS2686: 'React' refers to a UMD global, but the current file is a module. Consider adding an import instead.
services/multishop.ts(386,21): error TS2686: 'React' refers to a UMD global, but the current file is a module. Consider adding an import instead.
services/multishop.ts(401,22): error TS2686: 'React' refers to a UMD global, but the current file is a module. Consider adding an import instead.
services/pdf.ts(10,26): error TS2307: Cannot find module 'expo-sharing' or its corresponding type declarations.
services/pdf.ts(90,32): error TS2339: Property 'cacheDirectory' does not exist on type 'typeof import("C:/projects/Khata/node_modules/expo-file-system/build/index")'.
services/pdf.ts(95,28): error TS2339: Property 'EncodingType' does not exist on type 'typeof import("C:/projects/Khata/node_modules/expo-file-system/build/index")'.
services/pdf.ts(123,31): error TS2339: Property 'documentDirectory' does not exist on type 'typeof import("C:/projects/Khata/node_modules/expo-file-system/build/index")'.
services/pdf.ts(134,28): error TS2339: Property 'EncodingType' does not exist on type 'typeof import("C:/projects/Khata/node_modules/expo-file-system/build/index")'.
services/pdf.ts(172,30): error TS2339: Property 'date' does not exist on type 'LedgerEntry'.
services/pdf.ts(544,31): error TS2339: Property 'documentDirectory' does not exist on type 'typeof import("C:/projects/Khata/node_modules/expo-file-system/build/index")'.
services/pdf.ts(564,31): error TS2339: Property 'documentDirectory' does not exist on type 'typeof import("C:/projects/Khata/node_modules/expo-file-system/build/index")'.
